// Jest Snapshot v1, https://goo.gl/fbAQLP

exports[`Groups should render correctly 1`] = `
<div
  class="pf-c-table__button-content"
>
  <span
    class="pf-c-table__text"
  >
    Name
  </span>
  <span
    class="pf-c-table__sort-indicator"
  >
    <svg
      aria-hidden="true"
      fill="currentColor"
      height="1em"
      role="img"
      style="vertical-align: -0.125em;"
      viewBox="0 0 256 512"
      width="1em"
    >
      <path
        d="M88 166.059V468c0 6.627 5.373 12 12 12h56c6.627 0 12-5.373 12-12V166.059h46.059c21.382 0 32.09-25.851 16.971-40.971l-86.059-86.059c-9.373-9.373-24.569-9.373-33.941 0l-86.059 86.059c-15.119 15.119-4.411 40.971 16.971 40.971H88z"
      />
    </svg>
  </span>
</div>
`;
