// Jest Snapshot v1, https://goo.gl/fbAQLP

exports[`DetailsHeader renders correctly 1`] = `
<div
  class="pf-c-content"
>
  <div
    class="pf-l-split"
  >
    <div
      class="pf-l-split__item"
    >
      <dl
        class=""
        data-pf-content="true"
      >
        <h1
          class="grid-align-center pf-u-mb-0"
          data-pf-content="true"
        >
          test image
        </h1>
        <dd
          class="pf-u-pt-sm"
          data-pf-content="true"
        >
          <div
            class="pf-l-split"
            style="color: rgb(62, 134, 53);"
          >
            <div
              class="pf-l-split__item pf-u-mr-sm"
            >
              <svg
                aria-hidden="true"
                fill="currentColor"
                height="1em"
                role="img"
                style="vertical-align: -0.125em;"
                viewBox="0 0 512 512"
                width="1em"
              >
                <path
                  d="M504 256c0 136.967-111.033 248-248 248S8 392.967 8 256 119.033 8 256 8s248 111.033 248 248zM227.314 387.314l184-184c6.248-6.248 6.248-16.379 0-22.627l-22.627-22.627c-6.248-6.249-16.379-6.249-22.628 0L216 308.118l-70.059-70.059c-6.248-6.248-16.379-6.248-22.628 0l-22.627 22.627c-6.248 6.248-6.248 16.379 0 22.627l104 104c6.249 6.249 16.379 6.249 22.628.001z"
                />
              </svg>
            </div>
            <div
              class="pf-l-split__item"
            >
              <p>
                Ready
              </p>
            </div>
          </div>
        </dd>
        <p
          class=""
          data-pf-content="true"
        >
          Last updated 
          <span>
            Just now
          </span>
        </p>
      </dl>
    </div>
    <div
      class="pf-l-split__item pf-m-fill"
    />
    <div
      class="pf-l-split__item"
    >
      <div
        class="pf-c-dropdown pf-m-align-right pf-m-expanded"
        data-ouia-component-id="OUIA-Generated-Dropdown-1"
        data-ouia-component-type="PF4/Dropdown"
        data-ouia-safe="true"
      >
        <button
          aria-expanded="true"
          aria-haspopup="true"
          aria-label="Actions for image set details view"
          class="pf-c-dropdown__toggle"
          data-ouia-component-id="OUIA-Generated-DropdownToggle-1"
          data-ouia-component-type="PF4/DropdownToggle"
          data-ouia-safe="true"
          id="image-set-details-dropdown"
          type="button"
        >
          <span
            class="pf-c-dropdown__toggle-text"
          >
            Actions
          </span>
          <span
            class="pf-c-dropdown__toggle-icon"
          >
            <svg
              aria-hidden="true"
              fill="currentColor"
              height="1em"
              role="img"
              style="vertical-align: -0.125em;"
              viewBox="0 0 320 512"
              width="1em"
            >
              <path
                d="M31.3 192h257.3c17.8 0 26.7 21.5 14.1 34.1L174.1 354.8c-7.8 7.8-20.5 7.8-28.3 0L17.2 226.1C4.6 213.5 13.5 192 31.3 192z"
              />
            </svg>
          </span>
        </button>
        <ul
          aria-labelledby="image-set-details-dropdown"
          class="pf-c-dropdown__menu pf-m-align-right"
          role="menu"
        >
          <li
            role="menuitem"
          >
            <button
              aria-disabled="false"
              class="pf-c-dropdown__menu-item"
              data-ouia-component-id="OUIA-Generated-DropdownItem-1"
              data-ouia-component-type="PF4/DropdownItem"
              data-ouia-safe="true"
              tabindex="-1"
              type="button"
            >
              Create new version
            </button>
          </li>
          <li
            role="menuitem"
          >
            <button
              aria-disabled="false"
              class="pf-c-dropdown__menu-item"
              data-ouia-component-id="OUIA-Generated-DropdownItem-2"
              data-ouia-component-type="PF4/DropdownItem"
              data-ouia-safe="true"
              tabindex="-1"
              type="button"
            >
              <a
                class="force-text-black remove-underline"
                data-ouia-component-id="OUIA-Generated-Text-1"
                data-ouia-component-type="PF4/Text"
                data-ouia-safe="true"
                data-pf-content="true"
                href="test.com"
                rel="noopener noreferrer"
                target="_blank"
              >
                Download installable .iso for newest image
              </a>
            </button>
          </li>
        </ul>
      </div>
    </div>
  </div>
</div>
`;
